[albelad-computers.webflow.io/index.html]
[backblue.gif]
[fade.gif]
[index.html]
[daks2k3a4ib2z.cloudfront.net/5840a9f1c5de377732c103f2/css/albelad-computers.webflow.b5dc64f3d.css]
[ajax.googleapis.com/ajax/libs/webfont/1.4.7/webfont.js]
[daks2k3a4ib2z.cloudfront.net/0globals/modernizr-2.7.1.js]
[daks2k3a4ib2z.cloudfront.net/img/webclip.png]
[albelad-computers.webflow.io/contact.html]
[daks2k3a4ib2z.cloudfront.net/5840a9f2c5de377732c10427/5840a9f2c5de377732c10465_zip-code-800.jpg]
[daks2k3a4ib2z.cloudfront.net/5840a9f2c5de377732c10427/5840a9f2c5de377732c10461_thum.png]
[daks2k3a4ib2z.cloudfront.net/5840a9f2c5de377732c10427/5840a9f2c5de377732c10464_cthulu_van_v2.jpg]
[daks2k3a4ib2z.cloudfront.net/5840a9f2c5de377732c10427/5840a9f2c5de377732c10463_fan.png]
[daks2k3a4ib2z.cloudfront.net/5840a9f2c5de377732c10427/5840a9f2c5de377732c10466_human.jpg]
[daks2k3a4ib2z.cloudfront.net/5840a9f2c5de377732c10427/5840a9f2c5de377732c10460_dribbble.png]
[daks2k3a4ib2z.cloudfront.net/5840a9f2c5de377732c10427/5840a9f2c5de377732c1045f_sans_titre_-_17-01.png]
[daks2k3a4ib2z.cloudfront.net/5840a9f2c5de377732c10427/5840a9f2c5de377732c10462_astrav1.jpg]
[daks2k3a4ib2z.cloudfront.net/5840a9f2c5de377732c10427/5840a9f2c5de377732c1045a_neighborhood.jpg]
[ajax.googleapis.com/ajax/libs/jquery/2.2.0/jquery.min.js]
[albelad-computers.webflow.io/index.html]
[daks2k3a4ib2z.cloudfront.net/5840a9f1c5de377732c103f2/js/webflow.8f1619525.js]
[uploads.webflow.com/5840a9f1c5de377732c103f2/5840a9f2c5de377732c10413_fe4a5cbf.jpg]
[uploads.webflow.com/5840a9f1c5de377732c103f2/5840a9f2c5de377732c1041c_photo-1441716844725-09cedc13a4e7.jpg]
[d3e54v103j8qbb.cloudfront.net/img/example-bg.png]
[daks2k3a4ib2z.cloudfront.net/5840a9f1c5de377732c103f2/css/albelad-computers.webflow.b5dc64f3d.css]
[albelad-computers.webflow.io/contact.html]
[albelad-computers.webflow.io/about.html]
[albelad-computers.webflow.io/projects/music-player.html]
[albelad-computers.webflow.io/projects/console-app.html]
[albelad-computers.webflow.io/projects/infographic.html]
[albelad-computers.webflow.io/projects/sports-car-app.html]
[albelad-computers.webflow.io/projects/music-app.html]
[albelad-computers.webflow.io/projects/photo-app-icon.html]
[albelad-computers.webflow.io/projects/news-feed.html]
[albelad-computers.webflow.io/projects/photo-app.html]
[albelad-computers.webflow.io/projects/flat-design.html]
